#
# There is insufficient memory for the Java Runtime Environment to continue.
# Native memory allocation (mmap) failed to map 419430400 bytes for G1 virtual space
# Possible reasons:
#   The system is out of physical RAM or swap space
#   The process is running with CompressedOops enabled, and the Java Heap may be blocking the growth of the native heap
# Possible solutions:
#   Reduce memory load on the system
#   Increase physical memory or swap space
#   Check if swap backing store is full
#   Decrease Java heap size (-Xmx/-Xms)
#   Decrease number of Java threads
#   Decrease Java thread stack sizes (-Xss)
#   Set larger code cache with -XX:ReservedCodeCacheSize=
#   JVM is running with Unscaled Compressed Oops mode in which the Java heap is
#     placed in the first 4GB address space. The Java Heap base address is the
#     maximum limit for the native heap growth. Please use -XX:HeapBaseMinAddress
#     to set the Java Heap base and to place the Java Heap above 4GB virtual address.
# This output file may be truncated or incomplete.
#
#  Out of Memory Error (os_windows.cpp:3603), pid=10940, tid=5248
#
# JRE version: Java(TM) SE Runtime Environment (21.0.8+12) (build 21.0.8+12-LTS-250)
# Java VM: Java HotSpot(TM) 64-Bit Server VM (21.0.8+12-LTS-250, mixed mode, sharing, tiered, compressed oops, compressed class ptrs, g1 gc, windows-amd64)
# No core dump will be written. Minidumps are not enabled by default on client versions of Windows
#

---------------  S U M M A R Y ------------

Command Line: --add-opens=jdk.jshell/jdk.jshell=ALL-UNNAMED org.dflib.jjava.JJava c:\Users\sgibert\AppData\Roaming\jupyter\runtime\kernel-v3b9cb7e0b0217110de5f22df151db90840d25ce93.json

Host: 11th Gen Intel(R) Core(TM) i5-1135G7 @ 2.40GHz, 8 cores, 7G,  Windows 11 , 64 bit Build 26100 (10.0.26100.9168)
Time: Sun Sep  6 10:27:15 2026 Paris, Madrid (heure duild 26100 (10.0.26100.9168) elapsed time: 210.132791 seconds (0d 0h 3m 30s)

---------------  T H R E A D  ---------------

Current thread (0x0000015120396560):  VMThread "VM Thread"          [id=5248, stack(0x00000015d6b00000,0x00000015d6c00000) (1024K)]

Stack: [0x00000015d6b00000,0x00000015d6c00000]
Native frames: (J=compiled Java code, j=interpreted, Vv=VM code, C=native code)
V  [jvm.dll+0x6cc179]
V  [jvm.dll+0x8584c1]
V  [jvm.dll+0x85a9ee]
V  [jvm.dll+0x85b0c3]
V  [jvm.dll+0x27ebf6]
V  [jvm.dll+0x6c88f5]
V  [jvm.dll+0x6bd45a]
V  [jvm.dll+0x354b1a]
V  [jvm.dll+0x35c796]
V  [jvm.dll+0x3af85e]
V  [jvm.dll+0x3afb08]
V  [jvm.dll+0x328e2c]
V  [jvm.dll+0x328eb7]
V  [jvm.dll+0x36d7dc]
V  [jvm.dll+0x36c02e]
V  [jvm.dll+0x3285f1]
V  [jvm.dll+0x36b74a]
V  [jvm.dll+0x860e90]
V  [jvm.dll+0x862214]
V  [jvm.dll+0x862750]
V  [jvm.dll+0x8629f3]
V  [jvm.dll+0x80279b]
V  [jvm.dll+0x6ca85d]
C  [ucrtbase.dll+0x2cd30]
C  [KERNEL32.DLL+0x2ccb7]
C  [ntdll.dll+0xaad6c]

VM_Operation (0x00000015d62fe560): G1CollectForAllocation, mode: safepoint, requested by thread 0x0000015167309f90


---------------  P R O C E S S  ---------------

Threads class SMR info:
_java_thread_list=0x000001516745a2c0, length=18, elements={
0x00000151018bed30, 0x00000151203b4b40, 0x00000151203b7690, 0x00000151203be1f0,
0x00000151203bf6e0, 0x00000151203c0630, 0x00000151203c2180, 0x00000151203c3370,
0x00000151203fcf20, 0x00000151206de810, 0x00000151206e3290, 0x0000015166118720,
0x00000151660edff0, 0x0000015166212860, 0x00000151668d5230, 0x000001516749c310,
0x00000151663fa970, 0x0000015167309f90
}

Java Threads: ( => current thread )
  0x00000151018bed30 JavaThread "main"                              [_thread_blocked, id=15548, stack(0x00000015d6400000,0x00000015d6500000) (1024K)]
  0x00000151203b4b40 JavaThread "Reference Handler"          daemon [_thread_blocked, id=14476, stack(0x00000015d6c00000,0x00000015d6d00000) (1024K)]
  0x00000151203b7690 JavaThread "Finalizer"                  daemon [_thread_blocked, id=16048, stack(0x00000015d6d00000,0x00000015d6e00000) (1024K)]
  0x00000151203be1f0 JavaThread "Signal Dispatcher"          daemon [_thread_blocked, id=9120, stack(0x00000015d6e00000,0x00000015d6f00000) (1024K)]
  0x00000151203bf6e0 JavaThread "Attach Listener"            daemon [_thread_blocked, id=13992, stack(0x00000015d6f00000,0x00000015d7000000) (1024K)]
  0x00000151203c0630 JavaThread "Service Thread"             daemon [_thread_blocked, id=6960, stack(0x00000015d7000000,0x00000015d7100000) (1024K)]
  0x00000151203c2180 JavaThread "Monitor Deflation Thread"   daemon [_thread_blocked, id=19752, stack(0x00000015d7100000,0x00000015d7200000) (1024K)]
  0x00000151203c3370 JavaThread "C2 CompilerThread0"         daemon [_thread_blocked, id=22292, stack(0x00000015d7200000,0x00000015d7300000) (1024K)]
  0x00000151203fcf20 JavaThread "C1 CompilerThread0"         daemon [_thread_blocked, id=15440, stack(0x00000015d7300000,0x00000015d7400000) (1024K)]
  0x00000151206de810 JavaThread "Common-Cleaner"             daemon [_thread_blocked, id=13392, stack(0x00000015d7400000,0x00000015d7500000) (1024K)]
  0x00000151206e3290 JavaThread "Notification Thread"        daemon [_thread_blocked, id=4076, stack(0x00000015d7500000,0x00000015d7600000) (1024K)]
  0x0000015166118720 JavaThread "reaper-1"                   daemon [_thread_in_native, id=9976, stack(0x00000015d7600000,0x00000015d7700000) (1024K)]
  0x00000151660edff0 JavaThread "iothread-2"                 daemon [_thread_blocked, id=2220, stack(0x00000015d7700000,0x00000015d7800000) (1024K)]
  0x0000015166212860 JavaThread "Thread-0"                   daemon [_thread_blocked, id=21192, stack(0x00000015d7800000,0x00000015d7900000) (1024K)]
  0x00000151668d5230 JavaThread "Heartbeat-0"                       [_thread_blocked, id=1776, stack(0x00000015d8200000,0x00000015d8300000) (1024K)]
  0x000001516749c310 JavaThread "Shell-0"                           [_thread_blocked, id=12940, stack(0x00000015d8300000,0x00000015d8400000) (1024K)]
  0x00000151663fa970 JavaThread "Shell-1"                           [_thread_blocked, id=432, stack(0x00000015d8400000,0x00000015d8500000) (1024K)]
  0x0000015167309f90 JavaThread "JJava-executor-0"                  [_thread_blocked, id=2704, stack(0x00000015d6200000,0x00000015d6300000) (1024K)]
Total: 18

Other Threads:
=>0x0000015120396560 VMThread "VM Thread"                           [id=5248, stack(0x00000015d6b00000,0x00000015d6c00000) (1024K)]
  0x00000151203866e0 WatcherThread "VM Periodic Task Thread"        [id=600, stack(0x00000015d6a00000,0x00000015d6b00000) (1024K)]
  0x0000015101e7ad40 WorkerThread "GC Thread#0"                     [id=22396, stack(0x00000015d6500000,0x00000015d6600000) (1024K)]
  0x00000151665c0870 WorkerThread "GC Thread#1"                     [id=22404, stack(0x00000015d7b00000,0x00000015d7c00000) (1024K)]
  0x0000015166431640 WorkerThread "GC Thread#2"                     [id=20320, stack(0x00000015d7c00000,0x00000015d7d00000) (1024K)]
  0x0000015166445290 WorkerThread "GC Thread#3"                     [id=7504, stack(0x00000015d7d00000,0x00000015d7e00000) (1024K)]
  0x0000015166362910 WorkerThread "GC Thread#4"                     [id=20620, stack(0x00000015d7e00000,0x00000015d7f00000) (1024K)]
  0x0000015166362cb0 WorkerThread "GC Thread#5"                     [id=7044, stack(0x00000015d7f00000,0x00000015d8000000) (1024K)]
  0x000001516670ceb0 WorkerThread "GC Thread#6"                     [id=20736, stack(0x00000015d8000000,0x00000015d8100000) (1024K)]
  0x00000151663f9db0 WorkerThread "GC Thread#7"                     [id=20512, stack(0x00000015d8100000,0x00000015d8200000) (1024K)]
  0x0000015101e8d270 ConcurrentGCThread "G1 Main Marker"            [id=20180, stack(0x00000015d6600000,0x00000015d6700000) (1024K)]
  0x0000015101e8f300 WorkerThread "G1 Conc#0"                       [id=4908, stack(0x00000015d6700000,0x00000015d6800000) (1024K)]
  0x0000015101eee860 ConcurrentGCThread "G1 Refine#0"               [id=6292, stack(0x00000015d6800000,0x00000015d6900000) (1024K)]
  0x0000015120256590 ConcurrentGCThread "G1 Service"                [id=14036, stack(0x00000015d6900000,0x00000015d6a00000) (1024K)]
Total: 14

Threads with active compile tasks:
C2 CompilerThread0   210217 4163       4       java.util.HashSet::clear (8 bytes)
Total: 1

VM state: at safepoint (normal execution)

VM Mutex/Monitor currently owned by a thread:  ([mutex/lock_event])
[0x00007ffccb1f0e50] Threads_lock - owner thread: 0x0000015120396560
[0x00007ffccb1f0f50] Heap_lock - owner thread: 0x0000015167309f90

Heap address: 0x0000000084e00000, size: 1970 MB, Compressed Oops mode: 32-bit

CDS archive(s) mapped at: [0x0000015121000000-0x0000015121c90000-0x0000015121c90000), size 13172736, SharedBaseAddress: 0x0000015121000000, ArchiveRelocationMode: 1.
Compressed class space mapped at: 0x0000015122000000-0x0000015162000000, reserved size: 1073741824
Narrow klass base: 0x0000015121000000, Narrow klass shift: 0, Narrow klass range: 0x100000000

GC Precious Log:
 CardTable entry size: 512
 Card Set container configuration: InlinePtr #cards 5 size 8 Array Of Cards #cards 12 size 40 Howl #buckets 4 coarsen threshold 1843 Howl Bitmap #cards 512 size 80 coarsen threshold 460 Card regions per heap region 1 cards per card region 2048
 CPUs: 8 total, 8 available
 Memory: 7872M
 Large Page Support: Disabled
 NUMA Support: Disabled
 Compressed Oops: Enabled (32-bit)
 Heap Region Size: 1M
 Heap Min Capacity: 8M
 Heap Initial Capacity: 124M
 Heap Max Capacity: 1970M
 Pre-touch: Disabled
 Parallel Workers: 8
 Concurrent Workers: 2
 Concurrent Refinement Workers: 8
 Periodic GC: Disabled

Heap:
 garbage-first heap   total 222208K, used 37186K [0x0000000084e00000, 0x0000000100000000)
  region size 1024K, 1 young (1024K), 1 survivors (1024K)
 Metaspace       used 18588K, committed 18944K, reserved 1114112K
  class space    used 2134K, committed 2304K, reserved 1048576K

Heap Regions: E=young(eden), S=young(survivor), O=old, HS=humongous(starts), HC=humongous(continues), CS=collection set, F=free, TAMS=top-at-mark-start, PB=parsable bottom
|   0|0x0000000084e00000, 0x0000000084f00000, 0x0000000084f00000|100%| O|  |TAMS 0x0000000084e00000| PB 0x0000000084e00000| Untracked 
|   1|0x0000000084f00000, 0x0000000085000000, 0x0000000085000000|100%| O|  |TAMS 0x0000000084f00000| PB 0x0000000084f00000| Untracked 
|   2|0x0000000085000000, 0x0000000085100000, 0x0000000085100000|100%| O|  |TAMS 0x0000000085000000| PB 0x0000000085000000| Untracked 
|   3|0x0000000085100000, 0x0000000085200000, 0x0000000085200000|100%| O|  |TAMS 0x0000000085100000| PB 0x0000000085100000| Untracked 
|   4|0x0000000085200000, 0x0000000085300000, 0x0000000085300000|100%| O|  |TAMS 0x0000000085200000| PB 0x0000000085200000| Untracked 
|   5|0x0000000085300000, 0x0000000085400000, 0x0000000085400000|100%| O|  |TAMS 0x0000000085300000| PB 0x0000000085300000| Untracked 
|   6|0x0000000085400000, 0x0000000085500000, 0x0000000085500000|100%| O|  |TAMS 0x0000000085400000| PB 0x0000000085400000| Untracked 
|   7|0x0000000085500000, 0x0000000085600000, 0x0000000085600000|100%| O|  |TAMS 0x0000000085500000| PB 0x0000000085500000| Untracked 
|   8|0x0000000085600000, 0x0000000085700000, 0x0000000085700000|100%| O|  |TAMS 0x0000000085600000| PB 0x0000000085600000| Untracked 
|   9|0x0000000085700000, 0x0000000085800000, 0x0000000085800000|100%| O|  |TAMS 0x0000000085700000| PB 0x0000000085700000| Untracked 
|  10|0x0000000085800000, 0x0000000085900000, 0x0000000085900000|100%| O|  |TAMS 0x0000000085800000| PB 0x0000000085800000| Untracked 
|  11|0x0000000085900000, 0x0000000085a00000, 0x0000000085a00000|100%| O|  |TAMS 0x0000000085900000| PB 0x0000000085900000| Untracked 
|  12|0x0000000085a00000, 0x0000000085b00000, 0x0000000085b00000|100%| O|  |TAMS 0x0000000085a00000| PB 0x0000000085a00000| Untracked 
|  13|0x0000000085b00000, 0x0000000085c00000, 0x0000000085c00000|100%| O|  |TAMS 0x0000000085b00000| PB 0x0000000085b00000| Untracked 
|  14|0x0000000085c00000, 0x0000000085d00000, 0x0000000085d00000|100%| O|  |TAMS 0x0000000085c00000| PB 0x0000000085c00000| Untracked 
|  15|0x0000000085d00000, 0x0000000085e00000, 0x0000000085e00000|100%| O|  |TAMS 0x0000000085d00000| PB 0x0000000085d00000| Untracked 
|  16|0x0000000085e00000, 0x0000000085f00000, 0x0000000085f00000|100%| O|  |TAMS 0x0000000085e00000| PB 0x0000000085e00000| Untracked 
|  17|0x0000000085f00000, 0x0000000086000000, 0x0000000086000000|100%| O|  |TAMS 0x0000000085f00000| PB 0x0000000085f00000| Untracked 
|  18|0x0000000086000000, 0x0000000086100000, 0x0000000086100000|100%| O|  |TAMS 0x0000000086000000| PB 0x0000000086000000| Untracked 
|  19|0x0000000086100000, 0x0000000086200000, 0x0000000086200000|100%| O|  |TAMS 0x0000000086100000| PB 0x0000000086100000| Untracked 
|  20|0x0000000086200000, 0x0000000086300000, 0x0000000086300000|100%| O|  |TAMS 0x0000000086200000| PB 0x0000000086200000| Untracked 
|  21|0x0000000086300000, 0x0000000086400000, 0x0000000086400000|100%| O|  |TAMS 0x0000000086300000| PB 0x0000000086300000| Untracked 
|  22|0x0000000086400000, 0x0000000086500000, 0x0000000086500000|100%| O|  |TAMS 0x0000000086400000| PB 0x0000000086400000| Untracked 
|  23|0x0000000086500000, 0x0000000086600000, 0x0000000086600000|100%| O|  |TAMS 0x0000000086500000| PB 0x0000000086500000| Untracked 
|  24|0x0000000086600000, 0x0000000086700000, 0x0000000086700000|100%| O|  |TAMS 0x0000000086600000| PB 0x0000000086600000| Untracked 
|  25|0x0000000086700000, 0x0000000086800000, 0x0000000086800000|100%| O|  |TAMS 0x0000000086700000| PB 0x0000000086700000| Untracked 
|  26|0x0000000086800000, 0x0000000086900000, 0x0000000086900000|100%| O|  |TAMS 0x0000000086800000| PB 0x0000000086800000| Untracked 
|  27|0x0000000086900000, 0x0000000086a00000, 0x0000000086a00000|100%| O|  |TAMS 0x0000000086900000| PB 0x0000000086900000| Untracked 
|  28|0x0000000086a00000, 0x0000000086b00000, 0x0000000086b00000|100%| O|  |TAMS 0x0000000086a00000| PB 0x0000000086a00000| Untracked 
|  29|0x0000000086b00000, 0x0000000086c00000, 0x0000000086c00000|100%| O|  |TAMS 0x0000000086b00000| PB 0x0000000086b00000| Untracked 
|  30|0x0000000086c00000, 0x0000000086d00000, 0x0000000086d00000|100%| O|  |TAMS 0x0000000086c00000| PB 0x0000000086c00000| Untracked 
|  31|0x0000000086d00000, 0x0000000086e00000, 0x0000000086e00000|100%| O|  |TAMS 0x0000000086d00000| PB 0x0000000086d00000| Untracked 
|  32|0x0000000086e00000, 0x0000000086f00000, 0x0000000086f00000|100%| O|  |TAMS 0x0000000086e00000| PB 0x0000000086e00000| Untracked 
|  33|0x0000000086f00000, 0x0000000087000000, 0x0000000087000000|100%| O|  |TAMS 0x0000000086f00000| PB 0x0000000086f00000| Untracked 
|  34|0x0000000087000000, 0x0000000087100000, 0x0000000087100000|100%| O|  |TAMS 0x0000000087000000| PB 0x0000000087000000| Untracked 
|  35|0x0000000087100000, 0x00000000871830d8, 0x0000000087200000| 51%| O|  |TAMS 0x0000000087100000| PB 0x0000000087100000| Untracked 
|  36|0x0000000087200000, 0x0000000087200000, 0x0000000087300000|  0%| F|  |TAMS 0x0000000087200000| PB 0x0000000087200000| Untracked 
|  37|0x0000000087300000, 0x0000000087300000, 0x0000000087400000|  0%| F|  |TAMS 0x0000000087300000| PB 0x0000000087300000| Untracked 
|  38|0x0000000087400000, 0x0000000087400000, 0x0000000087500000|  0%| F|  |TAMS 0x0000000087400000| PB 0x0000000087400000| Untracked 
|  39|0x0000000087500000, 0x0000000087500000, 0x0000000087600000|  0%| F|  |TAMS 0x0000000087500000| PB 0x0000000087500000| Untracked 
|  40|0x0000000087600000, 0x0000000087600000, 0x0000000087700000|  0%| F|  |TAMS 0x0000000087600000| PB 0x0000000087600000| Untracked 
|  41|0x0000000087700000, 0x0000000087700000, 0x0000000087800000|  0%| F|  |TAMS 0x0000000087700000| PB 0x0000000087700000| Untracked 
|  42|0x0000000087800000, 0x0000000087800000, 0x0000000087900000|  0%| F|  |TAMS 0x0000000087800000| PB 0x0000000087800000| Untracked 
|  43|0x0000000087900000, 0x0000000087900000, 0x0000000087a00000|  0%| F|  |TAMS 0x0000000087900000| PB 0x0000000087900000| Untracked 
|  44|0x0000000087a00000, 0x0000000087a00000, 0x0000000087b00000|  0%| F|  |TAMS 0x0000000087a00000| PB 0x0000000087a00000| Untracked 
|  45|0x0000000087b00000, 0x0000000087b00000, 0x0000000087c00000|  0%| F|  |TAMS 0x0000000087b00000| PB 0x0000000087b00000| Untracked 
|  46|0x0000000087c00000, 0x0000000087c00000, 0x0000000087d00000|  0%| F|  |TAMS 0x0000000087c00000| PB 0x0000000087c00000| Untracked 
|  47|0x0000000087d00000, 0x0000000087d00000, 0x0000000087e00000|  0%| F|  |TAMS 0x0000000087d00000| PB 0x0000000087d00000| Untracked 
|  48|0x0000000087e00000, 0x0000000087e00000, 0x0000000087f00000|  0%| F|  |TAMS 0x0000000087e00000| PB 0x0000000087e00000| Untracked 
|  49|0x0000000087f00000, 0x0000000087f00000, 0x0000000088000000|  0%| F|  |TAMS 0x0000000087f00000| PB 0x0000000087f00000| Untracked 
|  50|0x0000000088000000, 0x0000000088000000, 0x0000000088100000|  0%| F|  |TAMS 0x0000000088000000| PB 0x0000000088000000| Untracked 
|  51|0x0000000088100000, 0x0000000088100000, 0x0000000088200000|  0%| F|  |TAMS 0x0000000088100000| PB 0x0000000088100000| Untracked 
|  52|0x0000000088200000, 0x0000000088200000, 0x0000000088300000|  0%| F|  |TAMS 0x0000000088200000| PB 0x0000000088200000| Untracked 
|  53|0x0000000088300000, 0x0000000088300000, 0x0000000088400000|  0%| F|  |TAMS 0x0000000088300000| PB 0x0000000088300000| Untracked 
|  54|0x0000000088400000, 0x0000000088400000, 0x0000000088500000|  0%| F|  |TAMS 0x0000000088400000| PB 0x0000000088400000| Untracked 
|  55|0x0000000088500000, 0x0000000088500000, 0x0000000088600000|  0%| F|  |TAMS 0x0000000088500000| PB 0x0000000088500000| Untracked 
|  56|0x0000000088600000, 0x0000000088600000, 0x0000000088700000|  0%| F|  |TAMS 0x0000000088600000| PB 0x0000000088600000| Untracked 
|  57|0x0000000088700000, 0x0000000088700000, 0x0000000088800000|  0%| F|  |TAMS 0x0000000088700000| PB 0x0000000088700000| Untracked 
|  58|0x0000000088800000, 0x0000000088800000, 0x0000000088900000|  0%| F|  |TAMS 0x0000000088800000| PB 0x0000000088800000| Untracked 
|  59|0x0000000088900000, 0x0000000088900000, 0x0000000088a00000|  0%| F|  |TAMS 0x0000000088900000| PB 0x0000000088900000| Untracked 
|  60|0x0000000088a00000, 0x0000000088a00000, 0x0000000088b00000|  0%| F|  |TAMS 0x0000000088a00000| PB 0x0000000088a00000| Untracked 
|  61|0x0000000088b00000, 0x0000000088b00000, 0x0000000088c00000|  0%| F|  |TAMS 0x0000000088b00000| PB 0x0000000088b00000| Untracked 
|  62|0x0000000088c00000, 0x0000000088c00000, 0x0000000088d00000|  0%| F|  |TAMS 0x0000000088c00000| PB 0x0000000088c00000| Untracked 
|  63|0x0000000088d00000, 0x0000000088d00000, 0x0000000088e00000|  0%| F|  |TAMS 0x0000000088d00000| PB 0x0000000088d00000| Untracked 
|  64|0x0000000088e00000, 0x0000000088e00000, 0x0000000088f00000|  0%| F|  |TAMS 0x0000000088e00000| PB 0x0000000088e00000| Untracked 
|  65|0x0000000088f00000, 0x0000000088f00000, 0x0000000089000000|  0%| F|  |TAMS 0x0000000088f00000| PB 0x0000000088f00000| Untracked 
|  66|0x0000000089000000, 0x0000000089000000, 0x0000000089100000|  0%| F|  |TAMS 0x0000000089000000| PB 0x0000000089000000| Untracked 
|  67|0x0000000089100000, 0x0000000089100000, 0x0000000089200000|  0%| F|  |TAMS 0x0000000089100000| PB 0x0000000089100000| Untracked 
|  68|0x0000000089200000, 0x0000000089200000, 0x0000000089300000|  0%| F|  |TAMS 0x0000000089200000| PB 0x0000000089200000| Untracked 
|  69|0x0000000089300000, 0x0000000089300000, 0x0000000089400000|  0%| F|  |TAMS 0x0000000089300000| PB 0x0000000089300000| Untracked 
|  70|0x0000000089400000, 0x0000000089400000, 0x0000000089500000|  0%| F|  |TAMS 0x0000000089400000| PB 0x0000000089400000| Untracked 
|  71|0x0000000089500000, 0x0000000089500000, 0x0000000089600000|  0%| F|  |TAMS 0x0000000089500000| PB 0x0000000089500000| Untracked 
|  72|0x0000000089600000, 0x0000000089600000, 0x0000000089700000|  0%| F|  |TAMS 0x0000000089600000| PB 0x0000000089600000| Untracked 
|  73|0x0000000089700000, 0x0000000089700000, 0x0000000089800000|  0%| F|  |TAMS 0x0000000089700000| PB 0x0000000089700000| Untracked 
|  74|0x0000000089800000, 0x0000000089800000, 0x0000000089900000|  0%| F|  |TAMS 0x0000000089800000| PB 0x0000000089800000| Untracked 
|  75|0x0000000089900000, 0x0000000089900000, 0x0000000089a00000|  0%| F|  |TAMS 0x0000000089900000| PB 0x0000000089900000| Untracked 
|  76|0x0000000089a00000, 0x0000000089a00000, 0x0000000089b00000|  0%| F|  |TAMS 0x0000000089a00000| PB 0x0000000089a00000| Untracked 
|  77|0x0000000089b00000, 0x0000000089b00000, 0x0000000089c00000|  0%| F|  |TAMS 0x0000000089b00000| PB 0x0000000089b00000| Untracked 
|  78|0x0000000089c00000, 0x0000000089c00000, 0x0000000089d00000|  0%| F|  |TAMS 0x0000000089c00000| PB 0x0000000089c00000| Untracked 
|  79|0x0000000089d00000, 0x0000000089d00000, 0x0000000089e00000|  0%| F|  |TAMS 0x0000000089d00000| PB 0x0000000089d00000| Untracked 
|  80|0x0000000089e00000, 0x0000000089e00000, 0x0000000089f00000|  0%| F|  |TAMS 0x0000000089e00000| PB 0x0000000089e00000| Untracked 
|  81|0x0000000089f00000, 0x0000000089f00000, 0x000000008a000000|  0%| F|  |TAMS 0x0000000089f00000| PB 0x0000000089f00000| Untracked 
|  82|0x000000008a000000, 0x000000008a000000, 0x000000008a100000|  0%| F|  |TAMS 0x000000008a000000| PB 0x000000008a000000| Untracked 
|  83|0x000000008a100000, 0x000000008a100000, 0x000000008a200000|  0%| F|  |TAMS 0x000000008a100000| PB 0x000000008a100000| Untracked 
|  84|0x000000008a200000, 0x000000008a200000, 0x000000008a300000|  0%| F|  |TAMS 0x000000008a200000| PB 0x000000008a200000| Untracked 
|  85|0x000000008a300000, 0x000000008a300000, 0x000000008a400000|  0%| F|  |TAMS 0x000000008a300000| PB 0x000000008a300000| Untracked 
|  86|0x000000008a400000, 0x000000008a400000, 0x000000008a500000|  0%| F|  |TAMS 0x000000008a400000| PB 0x000000008a400000| Untracked 
|  87|0x000000008a500000, 0x000000008a500000, 0x000000008a600000|  0%| F|  |TAMS 0x000000008a500000| PB 0x000000008a500000| Untracked 
|  88|0x000000008a600000, 0x000000008a600000, 0x000000008a700000|  0%| F|  |TAMS 0x000000008a600000| PB 0x000000008a600000| Untracked 
|  89|0x000000008a700000, 0x000000008a700000, 0x000000008a800000|  0%| F|  |TAMS 0x000000008a700000| PB 0x000000008a700000| Untracked 
|  90|0x000000008a800000, 0x000000008a800000, 0x000000008a900000|  0%| F|  |TAMS 0x000000008a800000| PB 0x000000008a800000| Untracked 
|  91|0x000000008a900000, 0x000000008a900000, 0x000000008aa00000|  0%| F|  |TAMS 0x000000008a900000| PB 0x000000008a900000| Untracked 
|  92|0x000000008aa00000, 0x000000008aa00000, 0x000000008ab00000|  0%| F|  |TAMS 0x000000008aa00000| PB 0x000000008aa00000| Untracked 
|  93|0x000000008ab00000, 0x000000008ab00000, 0x000000008ac00000|  0%| F|  |TAMS 0x000000008ab00000| PB 0x000000008ab00000| Untracked 
|  94|0x000000008ac00000, 0x000000008ac00000, 0x000000008ad00000|  0%| F|  |TAMS 0x000000008ac00000| PB 0x000000008ac00000| Untracked 
|  95|0x000000008ad00000, 0x000000008ad00000, 0x000000008ae00000|  0%| F|  |TAMS 0x000000008ad00000| PB 0x000000008ad00000| Untracked 
|  96|0x000000008ae00000, 0x000000008ae00000, 0x000000008af00000|  0%| F|  |TAMS 0x000000008ae00000| PB 0x000000008ae00000| Untracked 
|  97|0x000000008af00000, 0x000000008af00000, 0x000000008b000000|  0%| F|  |TAMS 0x000000008af00000| PB 0x000000008af00000| Untracked 
|  98|0x000000008b000000, 0x000000008b000000, 0x000000008b100000|  0%| F|  |TAMS 0x000000008b000000| PB 0x000000008b000000| Untracked 
|  99|0x000000008b100000, 0x000000008b100000, 0x000000008b200000|  0%| F|  |TAMS 0x000000008b100000| PB 0x000000008b100000| Untracked 
| 100|0x000000008b200000, 0x000000008b200000, 0x000000008b300000|  0%| F|  |TAMS 0x000000008b200000| PB 0x000000008b200000| Untracked 
| 101|0x000000008b300000, 0x000000008b300000, 0x000000008b400000|  0%| F|  |TAMS 0x000000008b300000| PB 0x000000008b300000| Untracked 
| 102|0x000000008b400000, 0x000000008b400000, 0x000000008b500000|  0%| F|  |TAMS 0x000000008b400000| PB 0x000000008b400000| Untracked 
| 103|0x000000008b500000, 0x000000008b500000, 0x000000008b600000|  0%| F|  |TAMS 0x000000008b500000| PB 0x000000008b500000| Untracked 
| 104|0x000000008b600000, 0x000000008b600000, 0x000000008b700000|  0%| F|  |TAMS 0x000000008b600000| PB 0x000000008b600000| Untracked 
| 105|0x000000008b700000, 0x000000008b700000, 0x000000008b800000|  0%| F|  |TAMS 0x000000008b700000| PB 0x000000008b700000| Untracked 
| 106|0x000000008b800000, 0x000000008b800000, 0x000000008b900000|  0%| F|  |TAMS 0x000000008b800000| PB 0x000000008b800000| Untracked 
| 107|0x000000008b900000, 0x000000008b900000, 0x000000008ba00000|  0%| F|  |TAMS 0x000000008b900000| PB 0x000000008b900000| Untracked 
| 108|0x000000008ba00000, 0x000000008ba00000, 0x000000008bb00000|  0%| F|  |TAMS 0x000000008ba00000| PB 0x000000008ba00000| Untracked 
| 109|0x000000008bb00000, 0x000000008bb00000, 0x000000008bc00000|  0%| F|  |TAMS 0x000000008bb00000| PB 0x000000008bb00000| Untracked 
| 110|0x000000008bc00000, 0x000000008bc00000, 0x000000008bd00000|  0%| F|  |TAMS 0x000000008bc00000| PB 0x000000008bc00000| Untracked 
| 111|0x000000008bd00000, 0x000000008bd00000, 0x000000008be00000|  0%| F|  |TAMS 0x000000008bd00000| PB 0x000000008bd00000| Untracked 
| 112|0x000000008be00000, 0x000000008be00000, 0x000000008bf00000|  0%| F|  |TAMS 0x000000008be00000| PB 0x000000008be00000| Untracked 
| 113|0x000000008bf00000, 0x000000008bf00000, 0x000000008c000000|  0%| F|  |TAMS 0x000000008bf00000| PB 0x000000008bf00000| Untracked 
| 114|0x000000008c000000, 0x000000008c000000, 0x000000008c100000|  0%| F|  |TAMS 0x000000008c000000| PB 0x000000008c000000| Untracked 
| 115|0x000000008c100000, 0x000000008c100000, 0x000000008c200000|  0%| F|  |TAMS 0x000000008c100000| PB 0x000000008c100000| Untracked 
| 116|0x000000008c200000, 0x000000008c200000, 0x000000008c300000|  0%| F|  |TAMS 0x000000008c200000| PB 0x000000008c200000| Untracked 
| 117|0x000000008c300000, 0x000000008c300000, 0x000000008c400000|  0%| F|  |TAMS 0x000000008c300000| PB 0x000000008c300000| Untracked 
| 118|0x000000008c400000, 0x000000008c400000, 0x000000008c500000|  0%| F|  |TAMS 0x000000008c400000| PB 0x000000008c400000| Untracked 
| 119|0x000000008c500000, 0x000000008c500000, 0x000000008c600000|  0%| F|  |TAMS 0x000000008c500000| PB 0x000000008c500000| Untracked 
| 120|0x000000008c600000, 0x000000008c600000, 0x000000008c700000|  0%| F|  |TAMS 0x000000008c600000| PB 0x000000008c600000| Untracked 
| 121|0x000000008c700000, 0x000000008c700000, 0x000000008c800000|  0%| F|  |TAMS 0x000000008c700000| PB 0x000000008c700000| Untracked 
| 122|0x000000008c800000, 0x000000008c800000, 0x000000008c900000|  0%| F|  |TAMS 0x000000008c800000| PB 0x000000008c800000| Untracked 
| 123|0x000000008c900000, 0x000000008c900000, 0x000000008ca00000|  0%| F|  |TAMS 0x000000008c900000| PB 0x000000008c900000| Untracked 
| 124|0x000000008ca00000, 0x000000008ca00000, 0x000000008cb00000|  0%| F|  |TAMS 0x000000008ca00000| PB 0x000000008ca00000| Untracked 
| 125|0x000000008cb00000, 0x000000008cb00000, 0x000000008cc00000|  0%| F|  |TAMS 0x000000008cb00000| PB 0x000000008cb00000| Untracked 
| 126|0x000000008cc00000, 0x000000008cc00000, 0x000000008cd00000|  0%| F|  |TAMS 0x000000008cc00000| PB 0x000000008cc00000| Untracked 
| 127|0x000000008cd00000, 0x000000008cd00000, 0x000000008ce00000|  0%| F|  |TAMS 0x000000008cd00000| PB 0x000000008cd00000| Untracked 
| 128|0x000000008ce00000, 0x000000008ce00000, 0x000000008cf00000|  0%| F|  |TAMS 0x000000008ce00000| PB 0x000000008ce00000| Untracked 
| 129|0x000000008cf00000, 0x000000008cf00000, 0x000000008d000000|  0%| F|  |TAMS 0x000000008cf00000| PB 0x000000008cf00000| Untracked 
| 130|0x000000008d000000, 0x000000008d000000, 0x000000008d100000|  0%| F|  |TAMS 0x000000008d000000| PB 0x000000008d000000| Untracked 
| 131|0x000000008d100000, 0x000000008d100000, 0x000000008d200000|  0%| F|  |TAMS 0x000000008d100000| PB 0x000000008d100000| Untracked 
| 132|0x000000008d200000, 0x000000008d200000, 0x000000008d300000|  0%| F|  |TAMS 0x000000008d200000| PB 0x000000008d200000| Untracked 
| 133|0x000000008d300000, 0x000000008d300000, 0x000000008d400000|  0%| F|  |TAMS 0x000000008d300000| PB 0x000000008d300000| Untracked 
| 134|0x000000008d400000, 0x000000008d400000, 0x000000008d500000|  0%| F|  |TAMS 0x000000008d400000| PB 0x000000008d400000| Untracked 
| 135|0x000000008d500000, 0x000000008d500000, 0x000000008d600000|  0%| F|  |TAMS 0x000000008d500000| PB 0x000000008d500000| Untracked 
| 136|0x000000008d600000, 0x000000008d600000, 0x000000008d700000|  0%| F|  |TAMS 0x000000008d600000| PB 0x000000008d600000| Untracked 
| 137|0x000000008d700000, 0x000000008d700000, 0x000000008d800000|  0%| F|  |TAMS 0x000000008d700000| PB 0x000000008d700000| Untracked 
| 138|0x000000008d800000, 0x000000008d800000, 0x000000008d900000|  0%| F|  |TAMS 0x000000008d800000| PB 0x000000008d800000| Untracked 
| 139|0x000000008d900000, 0x000000008d900000, 0x000000008da00000|  0%| F|  |TAMS 0x000000008d900000| PB 0x000000008d900000| Untracked 
| 140|0x000000008da00000, 0x000000008da00000, 0x000000008db00000|  0%| F|  |TAMS 0x000000008da00000| PB 0x000000008da00000| Untracked 
| 141|0x000000008db00000, 0x000000008db00000, 0x000000008dc00000|  0%| F|  |TAMS 0x000000008db00000| PB 0x000000008db00000| Untracked 
| 142|0x000000008dc00000, 0x000000008dc00000, 0x000000008dd00000|  0%| F|  |TAMS 0x000000008dc00000| PB 0x000000008dc00000| Untracked 
| 143|0x000000008dd00000, 0x000000008dd00000, 0x000000008de00000|  0%| F|  |TAMS 0x000000008dd00000| PB 0x000000008dd00000| Untracked 
| 144|0x000000008de00000, 0x000000008de00000, 0x000000008df00000|  0%| F|  |TAMS 0x000000008de00000| PB 0x000000008de00000| Untracked 
| 145|0x000000008df00000, 0x000000008df00000, 0x000000008e000000|  0%| F|  |TAMS 0x000000008df00000| PB 0x000000008df00000| Untracked 
| 146|0x000000008e000000, 0x000000008e000000, 0x000000008e100000|  0%| F|  |TAMS 0x000000008e000000| PB 0x000000008e000000| Untracked 
| 147|0x000000008e100000, 0x000000008e100000, 0x000000008e200000|  0%| F|  |TAMS 0x000000008e100000| PB 0x000000008e100000| Untracked 
| 148|0x000000008e200000, 0x000000008e200000, 0x000000008e300000|  0%| F|  |TAMS 0x000000008e200000| PB 0x000000008e200000| Untracked 
| 149|0x000000008e300000, 0x000000008e300000, 0x000000008e400000|  0%| F|  |TAMS 0x000000008e300000| PB 0x000000008e300000| Untracked 
| 150|0x000000008e400000, 0x000000008e400000, 0x000000008e500000|  0%| F|  |TAMS 0x000000008e400000| PB 0x000000008e400000| Untracked 
| 151|0x000000008e500000, 0x000000008e500000, 0x000000008e600000|  0%| F|  |TAMS 0x000000008e500000| PB 0x000000008e500000| Untracked 
| 152|0x000000008e600000, 0x000000008e600000, 0x000000008e700000|  0%| F|  |TAMS 0x000000008e600000| PB 0x000000008e600000| Untracked 
| 153|0x000000008e700000, 0x000000008e700000, 0x000000008e800000|  0%| F|  |TAMS 0x000000008e700000| PB 0x000000008e700000| Untracked 
| 154|0x000000008e800000, 0x000000008e800000, 0x000000008e900000|  0%| F|  |TAMS 0x000000008e800000| PB 0x000000008e800000| Untracked 
| 155|0x000000008e900000, 0x000000008e900000, 0x000000008ea00000|  0%| F|  |TAMS 0x000000008e900000| PB 0x000000008e900000| Untracked 
| 156|0x000000008ea00000, 0x000000008ea00000, 0x000000008eb00000|  0%| F|  |TAMS 0x000000008ea00000| PB 0x000000008ea00000| Untracked 
| 157|0x000000008eb00000, 0x000000008eb00000, 0x000000008ec00000|  0%| F|  |TAMS 0x000000008eb00000| PB 0x000000008eb00000| Untracked 
| 158|0x000000008ec00000, 0x000000008ec00000, 0x000000008ed00000|  0%| F|  |TAMS 0x000000008ec00000| PB 0x000000008ec00000| Untracked 
| 159|0x000000008ed00000, 0x000000008ed00000, 0x000000008ee00000|  0%| F|  |TAMS 0x000000008ed00000| PB 0x000000008ed00000| Untracked 
| 160|0x000000008ee00000, 0x000000008ee00000, 0x000000008ef00000|  0%| F|  |TAMS 0x000000008ee00000| PB 0x000000008ee00000| Untracked 
| 161|0x000000008ef00000, 0x000000008ef00000, 0x000000008f000000|  0%| F|  |TAMS 0x000000008ef00000| PB 0x000000008ef00000| Untracked 
| 162|0x000000008f000000, 0x000000008f000000, 0x000000008f100000|  0%| F|  |TAMS 0x000000008f000000| PB 0x000000008f000000| Untracked 
| 163|0x000000008f100000, 0x000000008f100000, 0x000000008f200000|  0%| F|  |TAMS 0x000000008f100000| PB 0x000000008f100000| Untracked 
| 164|0x000000008f200000, 0x000000008f200000, 0x000000008f300000|  0%| F|  |TAMS 0x000000008f200000| PB 0x000000008f200000| Untracked 
| 165|0x000000008f300000, 0x000000008f300000, 0x000000008f400000|  0%| F|  |TAMS 0x000000008f300000| PB 0x000000008f300000| Untracked 
| 166|0x000000008f400000, 0x000000008f400000, 0x000000008f500000|  0%| F|  |TAMS 0x000000008f400000| PB 0x000000008f400000| Untracked 
| 167|0x000000008f500000, 0x000000008f500000, 0x000000008f600000|  0%| F|  |TAMS 0x000000008f500000| PB 0x000000008f500000| Untracked 
| 168|0x000000008f600000, 0x000000008f600000, 0x000000008f700000|  0%| F|  |TAMS 0x000000008f600000| PB 0x000000008f600000| Untracked 
| 169|0x000000008f700000, 0x000000008f700000, 0x000000008f800000|  0%| F|  |TAMS 0x000000008f700000| PB 0x000000008f700000| Untracked 
| 170|0x000000008f800000, 0x000000008f800000, 0x000000008f900000|  0%| F|  |TAMS 0x000000008f800000| PB 0x000000008f800000| Untracked 
| 171|0x000000008f900000, 0x000000008f900000, 0x000000008fa00000|  0%| F|  |TAMS 0x000000008f900000| PB 0x000000008f900000| Untracked 
| 172|0x000000008fa00000, 0x000000008fa00000, 0x000000008fb00000|  0%| F|  |TAMS 0x000000008fa00000| PB 0x000000008fa00000| Untracked 
| 173|0x000000008fb00000, 0x000000008fb00000, 0x000000008fc00000|  0%| F|  |TAMS 0x000000008fb00000| PB 0x000000008fb00000| Untracked 
| 174|0x000000008fc00000, 0x000000008fc00000, 0x000000008fd00000|  0%| F|  |TAMS 0x000000008fc00000| PB 0x000000008fc00000| Untracked 
| 175|0x000000008fd00000, 0x000000008fd00000, 0x000000008fe00000|  0%| F|  |TAMS 0x000000008fd00000| PB 0x000000008fd00000| Untracked 
| 176|0x000000008fe00000, 0x000000008fe00000, 0x000000008ff00000|  0%| F|  |TAMS 0x000000008fe00000| PB 0x000000008fe00000| Untracked 
| 177|0x000000008ff00000, 0x000000008ff00000, 0x0000000090000000|  0%| F|  |TAMS 0x000000008ff00000| PB 0x000000008ff00000| Untracked 
| 178|0x0000000090000000, 0x0000000090000000, 0x0000000090100000|  0%| F|  |TAMS 0x0000000090000000| PB 0x0000000090000000| Untracked 
| 179|0x0000000090100000, 0x0000000090100000, 0x0000000090200000|  0%| F|  |TAMS 0x0000000090100000| PB 0x0000000090100000| Untracked 
| 180|0x0000000090200000, 0x0000000090200000, 0x0000000090300000|  0%| F|  |TAMS 0x0000000090200000| PB 0x0000000090200000| Untracked 
| 181|0x0000000090300000, 0x0000000090300000, 0x0000000090400000|  0%| F|  |TAMS 0x0000000090300000| PB 0x0000000090300000| Untracked 
| 182|0x0000000090400000, 0x0000000090400000, 0x0000000090500000|  0%| F|  |TAMS 0x0000000090400000| PB 0x0000000090400000| Untracked 
| 183|0x0000000090500000, 0x0000000090500000, 0x0000000090600000|  0%| F|  |TAMS 0x0000000090500000| PB 0x0000000090500000| Untracked 
| 184|0x0000000090600000, 0x0000000090600000, 0x0000000090700000|  0%| F|  |TAMS 0x0000000090600000| PB 0x0000000090600000| Untracked 
| 185|0x0000000090700000, 0x0000000090700000, 0x0000000090800000|  0%| F|  |TAMS 0x0000000090700000| PB 0x0000000090700000| Untracked 
| 186|0x0000000090800000, 0x0000000090800000, 0x0000000090900000|  0%| F|  |TAMS 0x0000000090800000| PB 0x0000000090800000| Untracked 
| 187|0x0000000090900000, 0x0000000090900000, 0x0000000090a00000|  0%| F|  |TAMS 0x0000000090900000| PB 0x0000000090900000| Untracked 
| 188|0x0000000090a00000, 0x0000000090a00000, 0x0000000090b00000|  0%| F|  |TAMS 0x0000000090a00000| PB 0x0000000090a00000| Untracked 
| 189|0x0000000090b00000, 0x0000000090b00000, 0x0000000090c00000|  0%| F|  |TAMS 0x0000000090b00000| PB 0x0000000090b00000| Untracked 
| 190|0x0000000090c00000, 0x0000000090c00000, 0x0000000090d00000|  0%| F|  |TAMS 0x0000000090c00000| PB 0x0000000090c00000| Untracked 
| 191|0x0000000090d00000, 0x0000000090d00000, 0x0000000090e00000|  0%| F|  |TAMS 0x0000000090d00000| PB 0x0000000090d00000| Untracked 
| 192|0x0000000090e00000, 0x0000000090e00000, 0x0000000090f00000|  0%| F|  |TAMS 0x0000000090e00000| PB 0x0000000090e00000| Untracked 
| 193|0x0000000090f00000, 0x0000000090f00000, 0x0000000091000000|  0%| F|  |TAMS 0x0000000090f00000| PB 0x0000000090f00000| Untracked 
| 194|0x0000000091000000, 0x0000000091000000, 0x0000000091100000|  0%| F|  |TAMS 0x0000000091000000| PB 0x0000000091000000| Untracked 
| 195|0x0000000091100000, 0x0000000091100000, 0x0000000091200000|  0%| F|  |TAMS 0x0000000091100000| PB 0x0000000091100000| Untracked 
| 196|0x0000000091200000, 0x0000000091200000, 0x0000000091300000|  0%| F|  |TAMS 0x0000000091200000| PB 0x0000000091200000| Untracked 
| 197|0x0000000091300000, 0x0000000091300000, 0x0000000091400000|  0%| F|  |TAMS 0x0000000091300000| PB 0x0000000091300000| Untracked 
| 198|0x0000000091400000, 0x0000000091400000, 0x0000000091500000|  0%| F|  |TAMS 0x0000000091400000| PB 0x0000000091400000| Untracked 
| 199|0x0000000091500000, 0x0000000091500000, 0x0000000091600000|  0%| F|  |TAMS 0x0000000091500000| PB 0x0000000091500000| Untracked 
| 200|0x0000000091600000, 0x0000000091600000, 0x0000000091700000|  0%| F|  |TAMS 0x0000000091600000| PB 0x0000000091600000| Untracked 
| 201|0x0000000091700000, 0x0000000091700000, 0x0000000091800000|  0%| F|  |TAMS 0x0000000091700000| PB 0x0000000091700000| Untracked 
| 202|0x0000000091800000, 0x0000000091800000, 0x0000000091900000|  0%| F|  |TAMS 0x0000000091800000| PB 0x0000000091800000| Untracked 
| 203|0x0000000091900000, 0x0000000091900000, 0x0000000091a00000|  0%| F|  |TAMS 0x0000000091900000| PB 0x0000000091900000| Untracked 
| 204|0x0000000091a00000, 0x0000000091a00000, 0x0000000091b00000|  0%| F|  |TAMS 0x0000000091a00000| PB 0x0000000091a00000| Untracked 
| 205|0x0000000091b00000, 0x0000000091b00000, 0x0000000091c00000|  0%| F|  |TAMS 0x0000000091b00000| PB 0x0000000091b00000| Untracked 
| 206|0x0000000091c00000, 0x0000000091c00000, 0x0000000091d00000|  0%| F|  |TAMS 0x0000000091c00000| PB 0x0000000091c00000| Untracked 
| 207|0x0000000091d00000, 0x0000000091dcd900, 0x0000000091e00000| 80%| S|CS|TAMS 0x0000000091d00000| PB 0x0000000091d00000| Complete 
| 208|0x0000000091e00000, 0x0000000091e00000, 0x0000000091f00000|  0%| F|  |TAMS 0x0000000091e00000| PB 0x0000000091e00000| Untracked 
| 209|0x0000000091f00000, 0x0000000091f00000, 0x0000000092000000|  0%| F|  |TAMS 0x0000000091f00000| PB 0x0000000091f00000| Untracked 
| 210|0x0000000092000000, 0x0000000092000000, 0x0000000092100000|  0%| F|  |TAMS 0x0000000092000000| PB 0x0000000092000000| Untracked 
| 211|0x0000000092100000, 0x0000000092100000, 0x0000000092200000|  0%| F|  |TAMS 0x0000000092100000| PB 0x0000000092100000| Untracked 
| 212|0x0000000092200000, 0x0000000092200000, 0x0000000092300000|  0%| F|  |TAMS 0x0000000092200000| PB 0x0000000092200000| Untracked 
| 213|0x0000000092300000, 0x0000000092300000, 0x0000000092400000|  0%| F|  |TAMS 0x0000000092300000| PB 0x0000000092300000| Untracked 
| 214|0x0000000092400000, 0x0000000092400000, 0x0000000092500000|  0%| F|  |TAMS 0x0000000092400000| PB 0x0000000092400000| Untracked 
| 215|0x0000000092500000, 0x0000000092500000, 0x0000000092600000|  0%| F|  |TAMS 0x0000000092500000| PB 0x0000000092500000| Untracked 
| 216|0x0000000092600000, 0x0000000092600000, 0x0000000092700000|  0%| F|  |TAMS 0x0000000092600000| PB 0x0000000092600000| Untracked 

Card table byte_map: [0x000001511b6e0000,0x000001511bac0000] _byte_map_base: 0x000001511b2b9000

Marking Bits: (CMBitMap*) 0x0000015101e7d350
 Bits: [0x000001511bac0000, 0x000001511d988000)

Polling page: 0x0000015101af0000

Metaspace:

Usage:
  Non-class:     16.07 MB used.
      Class:      2.08 MB used.
       Both:     18.15 MB used.

Virtual space:
  Non-class space:       64.00 MB reserved,      16.25 MB ( 25%) committed,  1 nodes.
      Class space:        1.00 GB reserved,       2.25 MB ( <1%) committed,  1 nodes.
             Both:        1.06 GB reserved,      18.50 MB (  2%) committed. 

Chunk freelists:
   Non-Class:  15.66 MB
       Class:  13.79 MB
        Both:  29.46 MB

MaxMetaspaceSize: unlimited
CompressedClassSpaceSize: 1.00 GB
Initial GC threshold: 21.00 MB
Current GC threshold: 21.00 MB
CDS: on
 - commit_granule_bytes: 65536.
 - commit_granule_words: 8192.
 - virtual_space_node_default_size: 8388608.
 - enlarge_chunks_in_place: 1.
 - use_allocation_guard: 0.


Internal statistics:

num_allocs_failed_limit: 0.
num_arena_births: 338.
num_arena_deaths: 0.
num_vsnodes_births: 2.
num_vsnodes_deaths: 0.
num_space_committed: 296.
num_space_uncommitted: 0.
num_chunks_returned_to_freelist: 0.
num_chunks_taken_from_freelist: 944.
num_chunk_merges: 0.
num_chunk_splits: 615.
num_chunks_enlarged: 419.
num_inconsistent_stats: 0.

CodeHeap 'non-profiled nmethods': size=120000Kb used=2964Kb max_used=2964Kb free=117035Kb
 bounds [0x0000015113370000, 0x0000015113660000, 0x000001511a8a0000]
CodeHeap 'profiled nmethods': size=120000Kb used=7922Kb max_used=7922Kb free=112077Kb
 bounds [0x000001510b8a0000, 0x000001510c060000, 0x0000015112dd0000]
CodeHeap 'non-nmethods': size=5760Kb used=1590Kb max_used=1658Kb free=4169Kb
 bounds [0x0000015112dd0000, 0x0000015113040000, 0x0000015113370000]
 total_blobs=4687 nmethods=4162 adapters=429
 compilation: enabled
              stopped_count=0, restarted_count=0
 full_count=0

Compilation events (20 events):
Event: 158.500 Thread 0x00000151203c3370 nmethod 4153 0x000001511364db90 code [0x000001511364dd20, 0x000001511364df70]
Event: 158.500 Thread 0x00000151203c3370 4154       4       java.util.concurrent.ConcurrentLinkedDeque::updateHead (71 bytes)
Event: 158.501 Thread 0x00000151203c3370 nmethod 4154 0x000001511364e110 code [0x000001511364e2a0, 0x000001511364e388]
Event: 158.778 Thread 0x00000151203c3370 4155       4       java.util.concurrent.ConcurrentLinkedDeque::updateTail (71 bytes)
Event: 158.781 Thread 0x00000151203c3370 nmethod 4155 0x000001511364e490 code [0x000001511364e620, 0x000001511364e850]
Event: 158.786 Thread 0x00000151203c3370 4156       4       java.util.concurrent.ConcurrentLinkedDeque::unlink (335 bytes)
Event: 158.805 Thread 0x00000151203c3370 nmethod 4156 0x000001511364e990 code [0x000001511364ec00, 0x000001511364f960]
Event: 158.805 Thread 0x00000151203c3370 4157       4       java.util.concurrent.ConcurrentLinkedDeque::unlinkLast (135 bytes)
Event: 158.818 Thread 0x00000151203c3370 nmethod 4157 0x0000015113650110 code [0x0000015113650300, 0x0000015113650bd8]
Event: 162.991 Thread 0x00000151203c3370 4158   !   4       org.dflib.jjava.shaded.org.zeromq.ZMQ$Poller::poll (137 bytes)
Event: 163.018 Thread 0x00000151203c3370 nmethod 4158 0x0000015113651110 code [0x0000015113651320, 0x0000015113651a80]
Event: 176.912 Thread 0x00000151203c3370 4159       4       java.util.concurrent.TimeUnit::toNanos (45 bytes)
Event: 176.913 Thread 0x00000151203c3370 nmethod 4159 0x0000015113651f90 code [0x0000015113652120, 0x0000015113652218]
Event: 179.313 Thread 0x00000151203c3370 4160   !   4       java.lang.Thread::sleep (82 bytes)
Event: 179.319 Thread 0x00000151203c3370 nmethod 4160 0x0000015113652310 code [0x00000151136524c0, 0x0000015113652658]
Event: 181.362 Thread 0x00000151203c3370 4161       4       org.dflib.jjava.jupyter.channels.Loop$$Lambda/0x000001512220e760::getAsLong (12 bytes)
Event: 181.523 Thread 0x00000151203c3370 nmethod 4161 0x0000015113652810 code [0x0000015113652b60, 0x0000015113653e18]
Event: 196.966 Thread 0x00000151203c3370 4162   !   4       java.util.concurrent.LinkedBlockingQueue::poll (99 bytes)
Event: 196.975 Thread 0x00000151203c3370 nmethod 4162 0x0000015113655010 code [0x00000151136551a0, 0x0000015113655270]
Event: 207.092 Thread 0x00000151203c3370 4163       4       java.util.HashSet::clear (8 bytes)

GC Heap History (20 events):
Event: 205.812 GC heap after
{Heap after GC invocations=94 (full 0):
 garbage-first heap   total 222208K, used 37650K [0x0000000084e00000, 0x0000000100000000)
  region size 1024K, 2 young (2048K), 2 survivors (2048K)
 Metaspace       used 18588K, committed 18944K, reserved 1114112K
  class space    used 2134K, committed 2304K, reserved 1048576K
}
Event: 206.007 GC heap before
{Heap before GC invocations=94 (full 0):
 garbage-first heap   total 222208K, used 168722K [0x0000000084e00000, 0x0000000100000000)
  region size 1024K, 130 young (133120K), 2 survivors (2048K)
 Metaspace       used 18588K, committed 18944K, reserved 1114112K
  class space    used 2134K, committed 2304K, reserved 1048576K
}
Event: 206.011 GC heap after
{Heap after GC invocations=95 (full 0):
 garbage-first heap   total 222208K, used 37749K [0x0000000084e00000, 0x0000000100000000)
  region size 1024K, 2 young (2048K), 2 survivors (2048K)
 Metaspace       used 18588K, committed 18944K, reserved 1114112K
  class space    used 2134K, committed 2304K, reserved 1048576K
}
Event: 206.177 GC heap before
{Heap before GC invocations=95 (full 0):
 garbage-first heap   total 222208K, used 168821K [0x0000000084e00000, 0x0000000100000000)
  region size 1024K, 130 young (133120K), 2 survivors (2048K)
 Metaspace       used 18588K, committed 18944K, reserved 1114112K
  class space    used 2134K, committed 2304K, reserved 1048576K
}
Event: 206.179 GC heap after
{Heap after GC invocations=96 (full 0):
 garbage-first heap   total 222208K, used 37755K [0x0000000084e00000, 0x0000000100000000)
  region size 1024K, 2 young (2048K), 2 survivors (2048K)
 Metaspace       used 18588K, committed 18944K, reserved 1114112K
  class space    used 2134K, committed 2304K, reserved 1048576K
}
Event: 206.320 GC heap before
{Heap before GC invocations=96 (full 0):
 garbage-first heap   total 222208K, used 168827K [0x0000000084e00000, 0x0000000100000000)
  region size 1024K, 130 young (133120K), 2 survivors (2048K)
 Metaspace       used 18588K, committed 18944K, reserved 1114112K
  class space    used 2134K, committed 2304K, reserved 1048576K
}
Event: 206.321 GC heap after
{Heap after GC invocations=97 (full 0):
 garbage-first heap   total 222208K, used 37656K [0x0000000084e00000, 0x0000000100000000)
  region size 1024K, 2 young (2048K), 2 survivors (2048K)
 Metaspace       used 18588K, committed 18944K, reserved 1114112K
  class space    used 2134K, committed 2304K, reserved 1048576K
}
Event: 206.448 GC heap before
{Heap before GC invocations=97 (full 0):
 garbage-first heap   total 222208K, used 168728K [0x0000000084e00000, 0x0000000100000000)
  region size 1024K, 130 young (133120K), 2 survivors (2048K)
 Metaspace       used 18588K, committed 18944K, reserved 1114112K
  class space    used 2134K, committed 2304K, reserved 1048576K
}
Event: 206.450 GC heap after
{Heap after GC invocations=98 (full 0):
 garbage-first heap   total 222208K, used 37690K [0x0000000084e00000, 0x0000000100000000)
  region size 1024K, 2 young (2048K), 2 survivors (2048K)
 Metaspace       used 18588K, committed 18944K, reserved 1114112K
  class space    used 2134K, committed 2304K, reserved 1048576K
}
Event: 206.574 GC heap before
{Heap before GC invocations=98 (full 0):
 garbage-first heap   total 222208K, used 168762K [0x0000000084e00000, 0x0000000100000000)
  region size 1024K, 130 young (133120K), 2 survivors (2048K)
 Metaspace       used 18588K, committed 18944K, reserved 1114112K
  class space    used 2134K, committed 2304K, reserved 1048576K
}
Event: 206.575 GC heap after
{Heap after GC invocations=99 (full 0):
 garbage-first heap   total 222208K, used 37691K [0x0000000084e00000, 0x0000000100000000)
  region size 1024K, 2 young (2048K), 2 survivors (2048K)
 Metaspace       used 18588K, committed 18944K, reserved 1114112K
  class space    used 2134K, committed 2304K, reserved 1048576K
}
Event: 206.695 GC heap before
{Heap before GC invocations=99 (full 0):
 garbage-first heap   total 222208K, used 168763K [0x0000000084e00000, 0x0000000100000000)
  region size 1024K, 130 young (133120K), 2 survivors (2048K)
 Metaspace       used 18588K, committed 18944K, reserved 1114112K
  class space    used 2134K, committed 2304K, reserved 1048576K
}
Event: 206.696 GC heap after
{Heap after GC invocations=100 (full 0):
 garbage-first heap   total 222208K, used 37691K [0x0000000084e00000, 0x0000000100000000)
  region size 1024K, 2 young (2048K), 2 survivors (2048K)
 Metaspace       used 18588K, committed 18944K, reserved 1114112K
  class space    used 2134K, committed 2304K, reserved 1048576K
}
Event: 206.832 GC heap before
{Heap before GC invocations=100 (full 0):
 garbage-first heap   total 222208K, used 168763K [0x0000000084e00000, 0x0000000100000000)
  region size 1024K, 130 young (133120K), 2 survivors (2048K)
 Metaspace       used 18588K, committed 18944K, reserved 1114112K
  class space    used 2134K, committed 2304K, reserved 1048576K
}
Event: 206.833 GC heap after
{Heap after GC invocations=101 (full 0):
 garbage-first heap   total 222208K, used 37243K [0x0000000084e00000, 0x0000000100000000)
  region size 1024K, 1 young (1024K), 1 survivors (1024K)
 Metaspace       used 18588K, committed 18944K, reserved 1114112K
  class space    used 2134K, committed 2304K, reserved 1048576K
}
Event: 206.981 GC heap before
{Heap before GC invocations=101 (full 0):
 garbage-first heap   total 222208K, used 169339K [0x0000000084e00000, 0x0000000100000000)
  region size 1024K, 130 young (133120K), 1 survivors (1024K)
 Metaspace       used 18588K, committed 18944K, reserved 1114112K
  class space    used 2134K, committed 2304K, reserved 1048576K
}
Event: 206.999 GC heap after
{Heap after GC invocations=102 (full 0):
 garbage-first heap   total 222208K, used 37201K [0x0000000084e00000, 0x0000000100000000)
  region size 1024K, 1 young (1024K), 1 survivors (1024K)
 Metaspace       used 18588K, committed 18944K, reserved 1114112K
  class space    used 2134K, committed 2304K, reserved 1048576K
}
Event: 207.129 GC heap before
{Heap before GC invocations=102 (full 0):
 garbage-first heap   total 222208K, used 169297K [0x0000000084e00000, 0x0000000100000000)
  region size 1024K, 130 young (133120K), 1 survivors (1024K)
 Metaspace       used 18588K, committed 18944K, reserved 1114112K
  class space    used 2134K, committed 2304K, reserved 1048576K
}
Event: 208.092 GC heap after
{Heap after GC invocations=103 (full 0):
 garbage-first heap   total 222208K, used 37191K [0x0000000084e00000, 0x0000000100000000)
  region size 1024K, 1 young (1024K), 1 survivors (1024K)
 Metaspace       used 18588K, committed 18944K, reserved 1114112K
  class space    used 2134K, committed 2304K, reserved 1048576K
}
Event: 208.100 GC heap before
{Heap before GC invocations=103 (full 0):
 garbage-first heap   total 222208K, used 46407K [0x0000000084e00000, 0x0000000100000000)
  region size 1024K, 10 young (10240K), 1 survivors (1024K)
 Metaspace       used 18588K, committed 18944K, reserved 1114112K
  class space    used 2134K, committed 2304K, reserved 1048576K
}

Dll operation events (8 events):
Event: 0.006 Loaded shared library C:\Program Files\Java\jdk-21\bin\java.dll
Event: 0.031 Loaded shared library C:\Program Files\Java\jdk-21\bin\jsvml.dll
Event: 0.068 Loaded shared library C:\Program Files\Java\jdk-21\bin\net.dll
Event: 0.070 Loaded shared library C:\Program Files\Java\jdk-21\bin\nio.dll
Event: 0.076 Loaded shared library C:\Program Files\Java\jdk-21\bin\zip.dll
Event: 0.083 Loaded shared library C:\Program Files\Java\jdk-21\bin\jimage.dll
Event: 0.251 Loaded shared library C:\Program Files\Java\jdk-21\bin\extnet.dll
Event: 0.288 Loaded shared library C:\Program Files\Java\jdk-21\bin\sunmscapi.dll

Deoptimization events (20 events):
Event: 154.912 Thread 0x00000151660edff0 Uncommon trap: trap_request=0xffffff45 fr.pc=0x000001511359ff60 relative=0x0000000000001fe0
Event: 154.912 Thread 0x00000151660edff0 Uncommon trap: reason=unstable_if action=reinterpret pc=0x000001511359ff60 method=sun.nio.ch.IOUtil.writeFromNativeBuffer(Ljava/io/FileDescriptor;Ljava/nio/ByteBuffer;JZZILsun/nio/ch/NativeDispatcher;)I @ 153 c2
Event: 154.912 Thread 0x00000151660edff0 DEOPT PACKING pc=0x000001511359ff60 sp=0x00000015d77ff190
Event: 154.912 Thread 0x00000151660edff0 DEOPT UNPACKING pc=0x0000015112e27da2 sp=0x00000015d77fec28 mode 2
Event: 154.912 Thread 0x00000151660edff0 Uncommon trap: trap_request=0xffffff45 fr.pc=0x00000151135a7a88 relative=0x0000000000001ca8
Event: 154.912 Thread 0x00000151660edff0 Uncommon trap: reason=unstable_if action=reinterpret pc=0x00000151135a7a88 method=org.dflib.jjava.shaded.zmq.io.StreamEngine.outEvent()V @ 25 c2
Event: 154.912 Thread 0x00000151660edff0 DEOPT PACKING pc=0x00000151135a7a88 sp=0x00000015d77ff0f0
Event: 154.912 Thread 0x00000151660edff0 DEOPT UNPACKING pc=0x0000015112e27da2 sp=0x00000015d77ff0e0 mode 2
Event: 154.912 Thread 0x00000151660edff0 Uncommon trap: trap_request=0xffffff45 fr.pc=0x00000151135beab0 relative=0x0000000000000ed0
Event: 154.912 Thread 0x00000151660edff0 Uncommon trap: reason=unstable_if action=reinterpret pc=0x00000151135beab0 method=sun.nio.ch.IOUtil.writeFromNativeBuffer(Ljava/io/FileDescriptor;Ljava/nio/ByteBuffer;JZZILsun/nio/ch/NativeDispatcher;)I @ 153 c2
Event: 154.912 Thread 0x00000151660edff0 DEOPT PACKING pc=0x00000151135beab0 sp=0x00000015d77fee30
Event: 154.912 Thread 0x00000151660edff0 DEOPT UNPACKING pc=0x0000015112e27da2 sp=0x00000015d77fed38 mode 2
Event: 158.473 Thread 0x0000015167309f90 Uncommon trap: trap_request=0xffffff45 fr.pc=0x00000151136092fc relative=0x0000000000000a1c
Event: 158.473 Thread 0x0000015167309f90 Uncommon trap: reason=unstable_if action=reinterpret pc=0x00000151136092fc method=java.util.concurrent.ConcurrentLinkedDeque.updateTail()V @ 27 c2
Event: 158.473 Thread 0x0000015167309f90 DEOPT PACKING pc=0x00000151136092fc sp=0x00000015d62febe0
Event: 158.473 Thread 0x0000015167309f90 DEOPT UNPACKING pc=0x0000015112e27da2 sp=0x00000015d62fea88 mode 2
Event: 194.890 Thread 0x00000151660edff0 Uncommon trap: trap_request=0xffffffde fr.pc=0x00000151135eb6b8 relative=0x0000000000002138
Event: 194.891 Thread 0x00000151660edff0 Uncommon trap: reason=class_check action=maybe_recompile pc=0x00000151135eb6b8 method=org.dflib.jjava.shaded.zmq.poll.Poller.run()V @ 461 c2
Event: 194.891 Thread 0x00000151660edff0 DEOPT PACKING pc=0x00000151135eb6b8 sp=0x00000015d77ff240
Event: 194.891 Thread 0x00000151660edff0 DEOPT UNPACKING pc=0x0000015112e27da2 sp=0x00000015d77ff220 mode 2

Classes loaded (20 events):
Event: 143.508 Loading class jdk/internal/reflect/MethodHandleBooleanFieldAccessorImpl
Event: 143.508 Loading class jdk/internal/reflect/MethodHandleBooleanFieldAccessorImpl done
Event: 143.521 Loading class java/util/Collections$2
Event: 143.521 Loading class java/util/Collections$2 done
Event: 143.624 Loading class java/lang/runtime/ObjectMethods
Event: 143.625 Loading class java/lang/runtime/ObjectMethods done
Event: 143.626 Loading class java/lang/invoke/MethodHandleImpl$Makers
Event: 143.626 Loading class java/lang/invoke/MethodHandleImpl$Makers done
Event: 143.626 Loading class java/lang/invoke/MethodHandleImpl$Makers$1
Event: 143.626 Loading class java/lang/invoke/MethodHandleImpl$Makers$1 done
Event: 143.626 Loading class java/lang/invoke/MethodHandleImpl$Makers$2
Event: 143.626 Loading class java/lang/invoke/MethodHandleImpl$Makers$2 done
Event: 143.626 Loading class java/lang/invoke/MethodHandleImpl$Makers$3
Event: 143.626 Loading class java/lang/invoke/MethodHandleImpl$Makers$3 done
Event: 143.632 Loading class java/lang/runtime/ObjectMethods$1
Event: 143.632 Loading class java/lang/runtime/ObjectMethods$1 done
Event: 143.636 Loading class java/lang/invoke/DirectMethodHandle$1
Event: 143.637 Loading class java/lang/invoke/DirectMethodHandle$1 done
Event: 143.651 Loading class java/lang/foreign/MemorySegment
Event: 143.653 Loading class java/lang/foreign/MemorySegment done

Classes unloaded (0 events):
No events

Classes redefined (0 events):
No events

Internal exceptions (20 events):
Event: 1.448 Thread 0x00000151018bed30 Exception <a 'java/lang/NoSuchMethodError'{0x000000008a36d730}: 'int java.lang.invoke.DirectMethodHandle$Holder.invokeStatic(java.lang.Object, java.lang.Object, java.lang.Object, java.lang.Object)'> (0x000000008a36d730) 
thrown [s\open\src\hotspot\share\interpreter\linkResolver.cpp, line 773]
Event: 1.500 Thread 0x00000151018bed30 Exception <a 'java/lang/NoSuchMethodError'{0x0000000089bc47a0}: 'void java.lang.invoke.DirectMethodHandle$Holder.invokeVirtual(java.lang.Object, java.lang.Object, java.lang.Object, java.lang.Object)'> (0x0000000089bc47a0) 
thrown [s\open\src\hotspot\share\interpreter\linkResolver.cpp, line 773]
Event: 1.535 Thread 0x00000151018bed30 Exception <a 'java/lang/NoSuchMethodError'{0x000000008927ab50}: 'long java.lang.invoke.DirectMethodHandle$Holder.invokeStatic(java.lang.Object, java.lang.Object, long)'> (0x000000008927ab50) 
thrown [s\open\src\hotspot\share\interpreter\linkResolver.cpp, line 773]
Event: 1.535 Thread 0x00000151018bed30 Exception <a 'java/lang/NoSuchMethodError'{0x00000000892801f8}: 'java.lang.Object java.lang.invoke.DirectMethodHandle$Holder.newInvokeSpecial(java.lang.Object, java.lang.Object, long)'> (0x00000000892801f8) 
thrown [s\open\src\hotspot\share\interpreter\linkResolver.cpp, line 773]
Event: 1.536 Thread 0x00000151018bed30 Exception <a 'java/lang/NoSuchMethodError'{0x0000000089283850}: 'java.lang.Object java.lang.invoke.Invokers$Holder.linkToTargetMethod(java.lang.Object, long, java.lang.Object)'> (0x0000000089283850) 
thrown [s\open\src\hotspot\share\interpreter\linkResolver.cpp, line 773]
Event: 1.553 Thread 0x00000151018bed30 Exception <a 'java/lang/ClassNotFoundException'{0x00000000892a0108}: sun/util/logging/resources/spi/loggingProvider> (0x00000000892a0108) 
thrown [s\open\src\hotspot\share\classfile\systemDictionary.cpp, line 312]
Event: 1.702 Thread 0x0000015166212860 Implicit null exception at 0x0000015113433188 to 0x000001511343361c
Event: 143.511 Thread 0x000001516749c310 Exception <a 'java/lang/NoSuchMethodError'{0x000000008b5d3290}: 'int java.lang.invoke.Invokers$Holder.invokeExact_MT(java.lang.Object, java.lang.Object, java.lang.Object)'> (0x000000008b5d3290) 
thrown [s\open\src\hotspot\share\interpreter\linkResolver.cpp, line 773]
Event: 143.625 Thread 0x000001516749c310 Exception <a 'java/lang/NoSuchMethodError'{0x000000008b078100}: 'java.lang.Object java.lang.invoke.DirectMethodHandle$Holder.invokeStaticInit(java.lang.Object, java.lang.Object, java.lang.Object, java.lang.Object, java.lang.Object, java.lang.Object, java.lang.Object)'> (0x000000008b078100) 
thrown [s\open\src\hotspot\share\interpreter\linkResolver.cpp, line 773]
Event: 143.625 Thread 0x000001516749c310 Exception <a 'java/lang/NoSuchMethodError'{0x000000008b07d800}: 'java.lang.Object java.lang.invoke.Invokers$Holder.invoke_MT(java.lang.Object, java.lang.Object, java.lang.Object, java.lang.Object, java.lang.Object, java.lang.Object, java.lang.Object, java.lang.Object, java.lang.Object, java.lang.Object)'> (0x000000008b07d800) 
thrown [s\open\src\hotspot\share\interpreter\linkResolver.cpp, line 773]
Event: 143.627 Thread 0x000001516749c310 Exception <a 'java/lang/NoSuchMethodError'{0x000000008b083650}: 'java.lang.Object java.lang.invoke.DirectMethodHandle$Holder.invokeStatic(java.lang.Object, java.lang.Object, int)'> (0x000000008b083650) 
thrown [s\open\src\hotspot\share\interpreter\linkResolver.cpp, line 773]
Event: 143.628 Thread 0x000001516749c310 Exception <a 'java/lang/NoSuchMethodError'{0x000000008b08e230}: 'void java.lang.invoke.DirectMethodHandle$Holder.invokeStatic(java.lang.Object, java.lang.Object, int, java.lang.Object)'> (0x000000008b08e230) 
thrown [s\open\src\hotspot\share\interpreter\linkResolver.cpp, line 773]
Event: 143.628 Thread 0x000001516749c310 Exception <a 'java/lang/NoSuchMethodError'{0x000000008b0958f8}: 'void java.lang.invoke.DelegatingMethodHandle$Holder.delegate(java.lang.Object, java.lang.Object, int, java.lang.Object)'> (0x000000008b0958f8) 
thrown [s\open\src\hotspot\share\interpreter\linkResolver.cpp, line 773]
Event: 143.633 Thread 0x000001516749c310 Exception <a 'java/lang/NoSuchMethodError'{0x000000008b0b38a0}: 'int java.lang.invoke.DirectMethodHandle$Holder.invokeStaticInit(java.lang.Object, java.lang.Object, java.lang.Object)'> (0x000000008b0b38a0) 
thrown [s\open\src\hotspot\share\interpreter\linkResolver.cpp, line 773]
Event: 143.633 Thread 0x000001516749c310 Exception <a 'java/lang/NoSuchMethodError'{0x000000008b0b7200}: 'int java.lang.invoke.DirectMethodHandle$Holder.invokeStaticInit(java.lang.Object, int, int)'> (0x000000008b0b7200) 
thrown [s\open\src\hotspot\share\interpreter\linkResolver.cpp, line 773]
Event: 143.634 Thread 0x000001516749c310 Exception <a 'java/lang/NoSuchMethodError'{0x000000008b0be798}: 'int java.lang.invoke.DirectMethodHandle$Holder.invokeStaticInit(java.lang.Object, long, long)'> (0x000000008b0be798) 
thrown [s\open\src\hotspot\share\interpreter\linkResolver.cpp, line 773]
Event: 143.635 Thread 0x000001516749c310 Exception <a 'java/lang/NoSuchMethodError'{0x000000008b0c55c0}: 'int java.lang.invoke.DirectMethodHandle$Holder.invokeStaticInit(java.lang.Object, float, float)'> (0x000000008b0c55c0) 
thrown [s\open\src\hotspot\share\interpreter\linkResolver.cpp, line 773]
Event: 143.635 Thread 0x000001516749c310 Exception <a 'java/lang/NoSuchMethodError'{0x000000008b0cc1a0}: 'int java.lang.invoke.DirectMethodHandle$Holder.invokeStaticInit(java.lang.Object, double, double)'> (0x000000008b0cc1a0) 
thrown [s\open\src\hotspot\share\interpreter\linkResolver.cpp, line 773]
Event: 143.636 Thread 0x000001516749c310 Exception <a 'java/lang/NoSuchMethodError'{0x000000008b0d0790}: 'int java.lang.invoke.DirectMethodHandle$Holder.invokeStatic(java.lang.Object, long)'> (0x000000008b0d0790) 
thrown [s\open\src\hotspot\share\interpreter\linkResolver.cpp, line 773]
Event: 143.638 Thread 0x000001516749c310 Exception <a 'java/lang/NoSuchMethodError'{0x000000008b0eed78}: 'int java.lang.invoke.Invokers$Holder.linkToTargetMethod(java.lang.Object, java.lang.Object)'> (0x000000008b0eed78) 
thrown [s\open\src\hotspot\share\interpreter\linkResolver.cpp, line 773]

ZGC Phase Switch (0 events):
No events

VM Operations (20 events):
Event: 205.812 Executing VM operation: G1CollectForAllocation (G1 Evacuation Pause) done
Event: 206.007 Executing VM operation: G1CollectForAllocation (G1 Evacuation Pause)
Event: 206.011 Executing VM operation: G1CollectForAllocation (G1 Evacuation Pause) done
Event: 206.177 Executing VM operation: G1CollectForAllocation (G1 Evacuation Pause)
Event: 206.179 Executing VM operation: G1CollectForAllocation (G1 Evacuation Pause) done
Event: 206.320 Executing VM operation: G1CollectForAllocation (G1 Evacuation Pause)
Event: 206.322 Executing VM operation: G1CollectForAllocation (G1 Evacuation Pause) done
Event: 206.448 Executing VM operation: G1CollectForAllocation (G1 Evacuation Pause)
Event: 206.450 Executing VM operation: G1CollectForAllocation (G1 Evacuation Pause) done
Event: 206.574 Executing VM operation: G1CollectForAllocation (G1 Evacuation Pause)
Event: 206.575 Executing VM operation: G1CollectForAllocation (G1 Evacuation Pause) done
Event: 206.695 Executing VM operation: G1CollectForAllocation (G1 Evacuation Pause)
Event: 206.696 Executing VM operation: G1CollectForAllocation (G1 Evacuation Pause) done
Event: 206.832 Executing VM operation: G1CollectForAllocation (G1 Evacuation Pause)
Event: 206.834 Executing VM operation: G1CollectForAllocation (G1 Evacuation Pause) done
Event: 206.981 Executing VM operation: G1CollectForAllocation (G1 Evacuation Pause)
Event: 206.999 Executing VM operation: G1CollectForAllocation (G1 Evacuation Pause) done
Event: 207.129 Executing VM operation: G1CollectForAllocation (G1 Evacuation Pause)
Event: 208.092 Executing VM operation: G1CollectForAllocation (G1 Evacuation Pause) done
Event: 208.099 Executing VM operation: G1CollectForAllocation (G1 Evacuation Pause)

Events (20 events):
Event: 0.029 Thread 0x00000151203c2180 Thread added: 0x00000151203c2180
Event: 0.029 Thread 0x00000151203c3370 Thread added: 0x00000151203c3370
Event: 0.029 Thread 0x00000151203fcf20 Thread added: 0x00000151203fcf20
Event: 0.064 Thread 0x00000151206de810 Thread added: 0x00000151206de810
Event: 0.065 Thread 0x00000151206e3290 Thread added: 0x00000151206e3290
Event: 0.334 Thread 0x0000015166118720 Thread added: 0x0000015166118720
Event: 0.338 Thread 0x00000151660edff0 Thread added: 0x00000151660edff0
Event: 0.529 Thread 0x0000015166212860 Thread added: 0x0000015166212860
Event: 0.577 Thread 0x00000151203fd5f0 Thread added: 0x00000151203fd5f0
Event: 0.601 Thread 0x00000151203fb3e0 Thread added: 0x00000151203fb3e0
Event: 1.554 Thread 0x00000151668d5230 Thread added: 0x00000151668d5230
Event: 1.564 Thread 0x000001516749c310 Thread added: 0x000001516749c310
Event: 1.587 Thread 0x00000151663fa970 Thread added: 0x00000151663fa970
Event: 2.042 Thread 0x00000151203fb3e0 Thread exited: 0x00000151203fb3e0
Event: 2.199 Thread 0x00000151203fd5f0 Thread exited: 0x00000151203fd5f0
Event: 143.517 Thread 0x00000151203fb3e0 Thread added: 0x00000151203fb3e0
Event: 143.566 Thread 0x0000015167309f90 Thread added: 0x0000015167309f90
Event: 143.654 Thread 0x00000151203fd5f0 Thread added: 0x00000151203fd5f0
Event: 145.421 Thread 0x00000151203fd5f0 Thread exited: 0x00000151203fd5f0
Event: 145.421 Thread 0x00000151203fb3e0 Thread exited: 0x00000151203fb3e0


Dynamic libraries:
0x00007ff75e3d0000 - 0x00007ff75e3e0000 	C:\Program Files\Java\jdk-21\bin\java.exe
0x00007ffd3c1e0000 - 0x00007ffd3c446000 	C:\WINDOWS\SYSTEM32\ntdll.dll
0x00007ffd3b0c0000 - 0x00007ffd3b189000 	C:\WINDOWS\System32\KERNEL32.DLL
0x00007ffd39970000 - 0x00007ffd39d6f000 	C:\WINDOWS\System32\KERNELBASE.dll
0x00007ffd39810000 - 0x00007ffd3995c000 	C:\WINDOWS\System32\ucrtbase.dll
0x00007ffd175e0000 - 0x00007ffd175f9000 	C:\Program Files\Java\jdk-21\bin\jli.dll
0x00007ffd156a0000 - 0x00007ffd156bb000 	C:\Program Files\Java\jdk-21\bin\VCRUNTIME140.dll
0x00007ffd3adc0000 - 0x00007ffd3ae7c000 	C:\WINDOWS\System32\ADVAPI32.dll
0x00007ffd3bce0000 - 0x00007ffd3bd89000 	C:\WINDOWS\System32\msvcrt.dll
0x00007ffd3b570000 - 0x00007ffd3b61a000 	C:\WINDOWS\System32\sechost.dll
0x00007ffd3ab50000 - 0x00007ffd3ac68000 	C:\WINDOWS\System32\RPCRT4.dll
0x00007ffd3a980000 - 0x00007ffd3ab46000 	C:\WINDOWS\System32\USER32.dll
0x00007ffd393f0000 - 0x00007ffd39417000 	C:\WINDOWS\System32\win32u.dll
0x00007ffd0f1f0000 - 0x00007ffd0f481000 	C:\WINDOWS\WinSxS\amd64_microsoft.windows.common-controls_6595b64144ccf1df_6.0.26100.8972_none_3e0da176e32f9d4b\COMCTL32.dll
0x00007ffd3bc50000 - 0x00007ffd3bc7b000 	C:\WINDOWS\System32\GDI32.dll
0x00007ffd394b0000 - 0x00007ffd395d9000 	C:\WINDOWS\System32\gdi32full.dll
0x00007ffd396a0000 - 0x00007ffd39743000 	C:\WINDOWS\System32\msvcp_win.dll
0x00007ffd262e0000 - 0x00007ffd262eb000 	C:\WINDOWS\SYSTEM32\VERSION.dll
0x00007ffd3b4e0000 - 0x00007ffd3b512000 	C:\WINDOWS\System32\IMM32.DLL
0x00007ffd180a0000 - 0x00007ffd180ac000 	C:\Program Files\Java\jdk-21\bin\vcruntime140_1.dll
0x00007ffd15610000 - 0x00007ffd1569e000 	C:\Program Files\Java\jdk-21\bin\msvcp140.dll
0x00007ffcca5b0000 - 0x00007ffccb2cd000 	C:\Program Files\Java\jdk-21\bin\server\jvm.dll
0x00007ffd3a160000 - 0x00007ffd3a1e2000 	C:\WINDOWS\System32\WS2_32.dll
0x00007ffd39250000 - 0x00007ffd392ae000 	C:\WINDOWS\SYSTEM32\POWRPROF.dll
0x00007ffd2df00000 - 0x00007ffd2df36000 	C:\WINDOWS\SYSTEM32\WINMM.dll
0x00007ffd39230000 - 0x00007ffd39245000 	C:\WINDOWS\SYSTEM32\UMPDC.dll
0x00007ffd380a0000 - 0x00007ffd380bb000 	C:\WINDOWS\SYSTEM32\kernel.appcore.dll
0x00007ffd17bb0000 - 0x00007ffd17bba000 	C:\Program Files\Java\jdk-21\bin\jimage.dll
0x00007ffd36950000 - 0x00007ffd36b92000 	C:\WINDOWS\SYSTEM32\DBGHELP.DLL
0x00007ffd3bda0000 - 0x00007ffd3c125000 	C:\WINDOWS\System32\combase.dll
0x00007ffd3b190000 - 0x00007ffd3b269000 	C:\WINDOWS\System32\OLEAUT32.dll
0x00007ffd14c60000 - 0x00007ffd14c9b000 	C:\WINDOWS\SYSTEM32\dbgcore.DLL
0x00007ffd39750000 - 0x00007ffd397fc000 	C:\WINDOWS\System32\bcryptPrimitives.dll
0x00007ffd155f0000 - 0x00007ffd1560f000 	C:\Program Files\Java\jdk-21\bin\java.dll
0x00007ffd3a1f0000 - 0x00007ffd3a978000 	C:\WINDOWS\System32\SHELL32.dll
0x00007ffd36e60000 - 0x00007ffd376fb000 	C:\WINDOWS\SYSTEM32\windows.storage.dll
0x00007ffd3b270000 - 0x00007ffd3b369000 	C:\WINDOWS\System32\SHCORE.dll
0x00007ffd3c130000 - 0x00007ffd3c196000 	C:\WINDOWS\System32\shlwapi.dll
0x00007ffd39310000 - 0x00007ffd39339000 	C:\WINDOWS\SYSTEM32\profapi.dll
0x00007ffd14630000 - 0x00007ffd14707000 	C:\Program Files\Java\jdk-21\bin\jsvml.dll
0x00007ffd155e0000 - 0x00007ffd155f0000 	C:\Program Files\Java\jdk-21\bin\net.dll
0x00007ffd2f890000 - 0x00007ffd2f9b8000 	C:\WINDOWS\SYSTEM32\WINHTTP.dll
0x00007ffd38630000 - 0x00007ffd3869c000 	C:\WINDOWS\system32\mswsock.dll
0x00007ffd15560000 - 0x00007ffd15576000 	C:\Program Files\Java\jdk-21\bin\nio.dll
0x00007ffd150b0000 - 0x00007ffd150c8000 	C:\Program Files\Java\jdk-21\bin\zip.dll
0x00007ffd15110000 - 0x00007ffd15119000 	C:\Program Files\Java\jdk-21\bin\extnet.dll
0x00007ffd37aa0000 - 0x00007ffd37ad3000 	C:\WINDOWS\SYSTEM32\IPHLPAPI.DLL
0x00007ffd3bd90000 - 0x00007ffd3bd9a000 	C:\WINDOWS\System32\NSI.dll
0x00007ffd38a50000 - 0x00007ffd38a6b000 	C:\WINDOWS\SYSTEM32\CRYPTSP.dll
0x00007ffd38000000 - 0x00007ffd38039000 	C:\WINDOWS\system32\rsaenh.dll
0x00007ffd386e0000 - 0x00007ffd38712000 	C:\WINDOWS\SYSTEM32\USERENV.dll
0x00007ffd392e0000 - 0x00007ffd3930a000 	C:\WINDOWS\SYSTEM32\bcrypt.dll
0x00007ffd38890000 - 0x00007ffd3889c000 	C:\WINDOWS\SYSTEM32\CRYPTBASE.dll
0x00007ffd150a0000 - 0x00007ffd150ae000 	C:\Program Files\Java\jdk-21\bin\sunmscapi.dll
0x00007ffd39d80000 - 0x00007ffd39efe000 	C:\WINDOWS\System32\CRYPT32.dll
0x00007ffd38bc0000 - 0x00007ffd38bf0000 	C:\WINDOWS\SYSTEM32\ncrypt.dll
0x00007ffd38b70000 - 0x00007ffd38baf000 	C:\WINDOWS\SYSTEM32\NTASN1.dll
0x00007ffd02b70000 - 0x00007ffd02b78000 	C:\WINDOWS\system32\wshunix.dll
0x00007ffc8f900000 - 0x00007ffc8f918000 	C:\WINDOWS\system32\napinsp.dll
0x00007ffd37b40000 - 0x00007ffd37c98000 	C:\WINDOWS\SYSTEM32\DNSAPI.dll
0x00007ffd38430000 - 0x00007ffd3843d000 	C:\WINDOWS\SYSTEM32\DSPARSE.dll
0x00007ffc8f8e0000 - 0x00007ffc8f8f3000 	C:\WINDOWS\System32\winrnr.dll
0x00007ffce27e0000 - 0x00007ffce2802000 	C:\WINDOWS\system32\nlansp_c.dll
0x00007ffd26450000 - 0x00007ffd26466000 	C:\WINDOWS\system32\wshbth.dll
0x00007ffd2dc90000 - 0x00007ffd2dc9b000 	C:\Windows\System32\rasadhlp.dll
0x00007ffd30140000 - 0x00007ffd301c6000 	C:\WINDOWS\System32\fwpuclnt.dll

dbghelp: loaded successfully - version: 4.0.5 - missing functions: none
symbol engine: initialized successfully - sym options: 0x614 - pdb path: .;C:\Program Files\Java\jdk-21\bin;C:\WINDOWS\SYSTEM32;C:\WINDOWS\WinSxS\amd64_microsoft.windows.common-controls_6595b64144ccf1df_6.0.26100.8972_none_3e0da176e32f9d4b;C:\Program Files\Java\jdk-21\bin\server

VM Arguments:
jvm_args: --add-opens=jdk.jshell/jdk.jshell=ALL-UNNAMED 
java_command: org.dflib.jjava.JJava c:\Users\sgibert\AppData\Roaming\jupyter\runtime\kernel-v3b9cb7e0b0217110de5f22df151db90840d25ce93.json
java_class_path (initial): C:\Users\sgibert\.m2\repository\org\dflib\jjava\jjava\1.0-a4\jjava-1.0-a4.jar;C:\Users\sgibert\.m2\repository\org\dflib\jjava\jjava\1.0-a4\jjava-1.0-a4.jar;C:\Users\sgibert\.m2\repository\org\dflib\jjava\jupyter-jvm-basekernel\1.0-a4\jupyter-jvm-basekernel-1.0-a4.jar;C:\Users\sgibert\.m2\repository\com\google\code\gson\gson\2.11.0\gson-2.11.0.jar;C:\Users\sgibert\.m2\repository\com\google\errorprone\error_prone_annotations\2.27.0\error_prone_annotations-2.27.0.jar;C:\Users\sgibert\.m2\repository\org\zeromq\jeromq\0.6.0\jeromq-0.6.0.jar;C:\Users\sgibert\.m2\repository\eu\neilalexander\jnacl\1.0.0\jnacl-1.0.0.jar;C:\Users\sgibert\.m2\repository\org\dflib\jjava\jjava-launcher\1.0-a4\jjava-launcher-1.0-a4.jar;C:\Users\sgibert\.m2\repository\org\apache\ivy\ivy\2.5.2\ivy-2.5.2.jar;C:\Users\sgibert\.m2\repository\org\apache\maven\maven-model-builder\3.6.0\maven-model-builder-3.6.0.jar;C:\Users\sgibert\.m2\repository\org\codehaus\plexus\plexus-utils\3.1.0\plexus-utils-3.1.0.jar;C:\Users\sgibert\.m2\repository\org\codehaus\plexus\plexus-interpolation\1.25\plexus-interpolation-1.25.jar;C:\Users\sgibert\.m2\repository\org\codehaus\plexus\plexus-component-annotations\1.7.1\plexus-component-annotations-1.7.1.jar;C:\Users\sgibert\.m2\repository\org\apache\maven\maven-model\3.6.0\maven-model-3.6.0.jar;C:\Users\sgibert\.m2\repository\org\apache\maven\maven-artifact\3.6.0\maven-artifact-3.6.0.jar;C:\Users\sgibert\.m2\repository\org\apache\commons\commons-lang3\3.8.1\commons-lang3-3.8.1.jar;C:\Users\sgibert\.m2\repository\org\apache\maven\maven-builder-support\3.6.0\maven-builder-support-3.6.0.jar
Launcher Type: SUN_STANDARD

[Global flags]
     intx CICompilerCount                          = 4                                         {product} {ergonomic}
     uint ConcGCThreads                            = 2                                         {product} {ergonomic}
     uint G1ConcRefinementThreads                  = 8                                         {product} {ergonomic}
   size_t G1HeapRegionSize                         = 1048576                                   {product} {ergonomic}
    uintx GCDrainStackTargetSize                   = 64                                        {product} {ergonomic}
   size_t InitialHeapSize                          = 130023424                                 {product} {ergonomic}
   size_t MarkStackSize                            = 4194304                                   {product} {ergonomic}
   size_t MaxHeapSize                              = 2065694720                                {product} {ergonomic}
   size_t MaxNewSize                               = 1239416832                                {product} {ergonomic}
   size_t MinHeapDeltaBytes                        = 1048576                                   {product} {ergonomic}
   size_t MinHeapSize                              = 8388608                                   {product} {ergonomic}
    uintx NonNMethodCodeHeapSize                   = 5839372                                {pd product} {ergonomic}
    uintx NonProfiledCodeHeapSize                  = 122909434                              {pd product} {ergonomic}
    uintx ProfiledCodeHeapSize                     = 122909434                              {pd product} {ergonomic}
    uintx ReservedCodeCacheSize                    = 251658240                              {pd product} {ergonomic}
     bool SegmentedCodeCache                       = true                                      {product} {ergonomic}
   size_t SoftMaxHeapSize                          = 2065694720                             {manageable} {ergonomic}
     bool UseCompressedOops                        = true                           {product lp64_product} {ergonomic}
     bool UseG1GC                                  = true                                      {product} {ergonomic}
     bool UseLargePagesIndividualAllocation        = false                                  {pd product} {ergonomic}

Logging:
Log output configuration:
 #0: stdout all=warning uptime,level,tags foldmultilines=false
 #1: stderr all=off uptime,level,tags foldmultilines=false

Environment Variables:
PATH=C:\Program Files\Python313\Scripts\;C:\Program Files\Python313\;C:\Program Files\Common Files\Oracle\Java\javapath;C:\WINDOWS\system32;C:\WINDOWS;C:\WINDOWS\System32\Wbem;C:\WINDOWS\System32\WindowsPowerShell\v1.0\;C:\WINDOWS\System32\OpenSSH\;C:\Program Files\Microsoft VS Code\bin;C:\Program Files\nodejs\;C:\ProgrammesPortable\php-8.4.12-nts-Win32-vs17-x64;C:\ProgramData\ComposerSetup\bin;C:\Program Files\dotnet\;C:\Program Files\Git\cmd;C:\Program Files\Docker\Docker\resources\bin;C:\Users\sgibert\.jbang\bin;C:\Users\sgibert\AppData\Local\Microsoft\WindowsApps;C:\Users\sgibert\AppData\Roaming\npm;C:\Program Files\JetBrains\PhpStorm 2025.2.1\bin;C:\Users\sgibert\AppData\Roaming\Composer\vendor\bin;C:\Program Files\JetBrains\IntelliJ IDEA 2025.2.1\bin
USERNAME=sgibert
OS=Windows_NT
PROCESSOR_IDENTIFIER=Intel64 Family 6 Model 140 Stepping 1, GenuineIntel
TMP=C:\Users\sgibert\AppData\Local\Temp
TEMP=C:\Users\sgibert\AppData\Local\Temp




Periodic native trim disabled

---------------  S Y S T E M  ---------------

OS:
 Windows 11 , 64 bit Build 26100 (10.0.26100.9168)
OS uptime: 5 days 19:52 hours
Hyper-V role detected

CPU: total 8 (initial active 8) (4 cores per cpu, 2 threads per core) family 6 model 140 stepping 1 microcode 0xbe, cx8, cmov, fxsr, ht, mmx, 3dnowpref, sse, sse2, sse3, ssse3, sse4.1, sse4.2, popcnt, lzcnt, tsc, tscinvbit, avx, avx2, aes, erms, clmul, bmi1, bmi2, adx, avx512f, avx512dq, avx512cd, avx512bw, avx512vl, sha, fma, vzeroupper, avx512_vpopcntdq, avx512_vpclmulqdq, avx512_vaes, avx512_vnni, clflush, clflushopt, clwb, avx512_vbmi2, avx512_vbmi, hv, rdtscp, rdpid, fsrm, gfni, avx512_bitalg, f16c, cet_ibt, cet_ss, avx512_ifma
Processor Information for processor 0
  Max Mhz: 2419, Current Mhz: 2419, Mhz Limit: 2419
Processor Information for processor 1
  Max Mhz: 2419, Current Mhz: 2419, Mhz Limit: 2419
Processor Information for processor 2
  Max Mhz: 2419, Current Mhz: 2419, Mhz Limit: 2419
Processor Information for processor 3
  Max Mhz: 2419, Current Mhz: 2419, Mhz Limit: 2419
Processor Information for processor 4
  Max Mhz: 2419, Current Mhz: 1209, Mhz Limit: 2419
Processor Information for processor 5
  Max Mhz: 2419, Current Mhz: 2419, Mhz Limit: 2419
Processor Information for processor 6
  Max Mhz: 2419, Current Mhz: 1209, Mhz Limit: 2419
Processor Information for processor 7
  Max Mhz: 2419, Current Mhz: 2419, Mhz Limit: 2419

Memory: 4k page, system-wide physical 7872M (2046M free)
TotalPageFile size 32448M (AvailPageFile size 203M)
current process WorkingSet (physical memory assigned to process): 150M, peak: 333M
current process commit charge ("private bytes"): 340M, peak: 740M

vm_info: Java HotSpot(TM) 64-Bit Server VM (21.0.8+12-LTS-250) for windows-amd64 JRE (21.0.8+12-LTS-250), built on 2025-06-27T08:11:22Z by "mach5one" with MS VC++ 17.6 (VS2022)

END.
